app/page.tsx(4,75): error TS2307: Cannot find module '@/components/ui/card' or its corresponding type declarations.
app/page.tsx(5,24): error TS2307: Cannot find module '@/components/ui/button' or its corresponding type declarations.
app/page.tsx(6,23): error TS2307: Cannot find module '@/components/ui/badge' or its corresponding type declarations.
app/page.tsx(7,34): error TS2307: Cannot find module '@/hooks/use-traffic-socket' or its corresponding type declarations.
